harsh@DESKTOP-NJGS31F /home/harshit/code/make
$ make final_run
gcc -o ../obj/main.o -c ../src/main.c
gcc -o ../obj/insertexamdata.o -c ../src/insertexamdata.c
gcc -o ../obj/processing_data.o -c ../src/processing_data.c
gcc -o ../obj/insertcandidatedata.o -c ../src/insertcandidatedata.c
gcc -o ../obj/writetofile.o -c ../src/writetofile.c
gcc -o ../obj/printhallticket.o -c ../src/printhallticket.c
gcc ../obj/main.o ../obj/insertexamdata.o ../obj/processing_data.o ../obj/insertcandidatedata.o ../obj/writetofile.o ../obj/printhallticket.o -o ../bin/examcenter1 -lpthread

harsh@DESKTOP-NJGS31F /home/harshit/code/make
$ cd ..

harsh@DESKTOP-NJGS31F /home/harshit/code
$ ./bin/examcenter1.exe ./data/examcenters.txt


harsh@DESKTOP-NJGS31F /home/harshit/code
$ ./bin/examcenter1.exe ./data/examcenters.txt ./data/candidate1.txt ./data/candidate2.txt


Incorrect Data
Candidate ID :M008
Candidate ID :M011
Candidate ID :M012

Incorrect Data
Candidate ID :N003
Candidate ID :N006
Candidate ID :N007
Candidate ID :N008
Candidate ID :N009

Enter the candidate id to display the hall ticket: M001


NAME           :  Harshit Garg

CANDIDATE ID   :  M001

EXAM ID        :  MH-CET

EXAM CENTER    :  EX001

COLLEGE        :  Wadia College of Engineering

ADDRESS        :  1, Jogpath, Pune-411001

START DATE     :  21/08/2022

END DATE       :  25/08/2022


harsh@DESKTOP-NJGS31F /home/harshit/code
$ cd make

harsh@DESKTOP-NJGS31F /home/harshit/code/make
$ make test_run
gcc -o ../obj/suite.o -c ../src/suite.c
gcc -o ../obj/sunny_rainy_testcase.o -c ../src/sunny_rainy_testcase.c
gcc -o ../obj/insertexamdata.o -c ../src/insertexamdata.c
gcc -o ../obj/insertcandidatedata.o -c ../src/insertcandidatedata.c
gcc -o ../obj/printhallticket.o -c ../src/printhallticket.c
gcc ../obj/suite.o ../obj/sunny_rainy_testcase.o ../obj/insertexamdata.o ../obj/insertcandidatedata.o ../obj/printhallticket.o -o ../bin/examcenter2 -lcunit -lpthread

harsh@DESKTOP-NJGS31F /home/harshit/code/make
$ cd ..

harsh@DESKTOP-NJGS31F /home/harshit/code
$ ./bin/examcenter2.exe


     CUnit - A unit testing framework for C - Version 2.1-3
     http://cunit.sourceforge.net/


Suite: suite insertcandidatedata...
  Test: Test for insertcandidatedata() in sunny cases ...passed
  Test: Test for insertcandidatedata() in rainy cases ...passed
Suite: suite printhallticket...
  Test: Test for printhallticket() in sunny cases ...

NAME           :  Sudarshan Timisha

CANDIDATE ID   :  A004

EXAM ID        :  CAT

EXAM CENTER    :  EX003

COLLEGE        :  S P College

ADDRESS        :  Tilak Road, Pune-411002

START DATE     :  15/10/2022

END DATE       :  15/10/2022

NAME           :  Subhadeep

CANDIDATE ID   :  B002

EXAM ID        :  UPSC

EXAM CENTER    :  EX002

COLLEGE        :  MBA-Center, University of Pune

ADDRESS        :  Shivajinagar, Pune-411006

START DATE     :  01/08/2022

END DATE       :  01/08/2022

NAME           :  Harshit Garg

CANDIDATE ID   :  C001

EXAM ID        :  MH-CET

EXAM CENTER    :  EX001

COLLEGE        :  Wadia College of Engineering

ADDRESS        :  1, Jogpath, Pune-411001

START DATE     :  21/08/2022

END DATE       :  25/08/2022passed
  Test: Test for printhallticket() in rainy cases ...passed

Run Summary:    Type  Total    Ran Passed Failed Inactive
              suites      2      2    n/a      0        0
               tests      4      4      4      0        0
             asserts     15     15     15      0      n/a

Elapsed time =    0.000 seconds


